07:56:27 **** Incremental Build of configuration Debug for project Motor_controller ****
make -j20 all 
arm-none-eabi-gcc "../Core/Src/main.c" -mcpu=cortex-m4 -std=gnu11 -g3 -DDEBUG -DUSE_HAL_DRIVER -DSTM32F446xx -c -I../Core/Inc -I../Drivers/STM32F4xx_HAL_Driver/Inc -I../Drivers/STM32F4xx_HAL_Driver/Inc/Legacy -I../Drivers/CMSIS/Device/ST/STM32F4xx/Include -I../Drivers/CMSIS/Include -O0 -ffunction-sections -fdata-sections -Wall -fstack-usage -fcyclomatic-complexity -MMD -MP -MF"Core/Src/main.d" -MT"Core/Src/main.o" --specs=nano.specs -mfpu=fpv4-sp-d16 -mfloat-abi=hard -mthumb -o "Core/Src/main.o"
../Core/Src/main.c: In function 'main':
../Core/Src/main.c:247:7: warning: unused variable 'speed' [-Wunused-variable]
  247 |   int speed = 0.1;
      |       ^~~~~
../Core/Src/main.c:246:7: warning: unused variable 'delay' [-Wunused-variable]
  246 |   int delay = 2500;
      |       ^~~~~
arm-none-eabi-gcc -o "Motor_controller.elf" @"objects.list"   -mcpu=cortex-m4 -T"C:\Users\PANKAJA\OneDrive\Projects\OmniDirectionalRobot-EN2160\Software\MotorController\Motor_controller\STM32F446RETX_FLASH.ld" --specs=nosys.specs -Wl,-Map="Motor_controller.map" -Wl,--gc-sections -static --specs=nano.specs -mfpu=fpv4-sp-d16 -mfloat-abi=hard -mthumb -Wl,--start-group -lc -lm -Wl,--end-group
Finished building target: Motor_controller.elf
 
arm-none-eabi-size  Motor_controller.elf 
arm-none-eabi-objdump -h -S Motor_controller.elf  > "Motor_controller.list"
   text	   data	    bss	    dec	    hex	filename
  20472	     12	   2244	  22728	   58c8	Motor_controller.elf
Finished building: default.size.stdout
 
Finished building: Motor_controller.list
 

07:56:28 Build Finished. 0 errors, 2 warnings. (took 917ms)

