20:07:13 **** Incremental Build of configuration Debug for project Test ****
make -j20 all 
arm-none-eabi-gcc "../Core/Src/main.c" -mcpu=cortex-m4 -std=gnu11 -g3 -DDEBUG -DUSE_HAL_DRIVER -DSTM32F446xx -c -I../Core/Inc -I../Drivers/STM32F4xx_HAL_Driver/Inc -I../Drivers/STM32F4xx_HAL_Driver/Inc/Legacy -I../Drivers/CMSIS/Device/ST/STM32F4xx/Include -I../Drivers/CMSIS/Include -O0 -ffunction-sections -fdata-sections -Wall -fstack-usage -fcyclomatic-complexity -MMD -MP -MF"Core/Src/main.d" -MT"Core/Src/main.o" --specs=nano.specs -mfpu=fpv4-sp-d16 -mfloat-abi=hard -mthumb -o "Core/Src/main.o"
arm-none-eabi-gcc -o "Test.elf" @"objects.list"   -mcpu=cortex-m4 -T"C:\Users\PANKAJA\OneDrive\Projects\OmniDirectionalRobot-EN2160\Software\MotorController\Test\STM32F446RETX_FLASH.ld" --specs=nosys.specs -Wl,-Map="Test.map" -Wl,--gc-sections -static --specs=nano.specs -mfpu=fpv4-sp-d16 -mfloat-abi=hard -mthumb -Wl,--start-group -lc -lm -Wl,--end-group
Finished building target: Test.elf
 
arm-none-eabi-size  Test.elf 
arm-none-eabi-objdump -h -S Test.elf  > "Test.list"
   text	   data	    bss	    dec	    hex	filename
   6652	     12	   1572	   8236	   202c	Test.elf
Finished building: default.size.stdout
 
Finished building: Test.list
 

20:07:16 Build Finished. 0 errors, 0 warnings. (took 2s.412ms)

