20:08:45 **** Incremental Build of configuration Debug for project wQEDAFRY ****
make -j20 all 
arm-none-eabi-gcc "../Core/Src/main.c" -mcpu=cortex-m4 -std=gnu11 -g3 -DDEBUG -DUSE_HAL_DRIVER -DSTM32F411xE -c -I../Core/Inc -I../Drivers/STM32F4xx_HAL_Driver/Inc -I../Drivers/STM32F4xx_HAL_Driver/Inc/Legacy -I../Drivers/CMSIS/Device/ST/STM32F4xx/Include -I../Drivers/CMSIS/Include -O0 -ffunction-sections -fdata-sections -Wall -fstack-usage -fcyclomatic-complexity -MMD -MP -MF"Core/Src/main.d" -MT"Core/Src/main.o" --specs=nano.specs -mfpu=fpv4-sp-d16 -mfloat-abi=hard -mthumb -o "Core/Src/main.o"
arm-none-eabi-gcc -o "wQEDAFRY.elf" @"objects.list"   -mcpu=cortex-m4 -T"C:\Users\PANKAJA\OneDrive\Projects\OmniDirectionalRobot-EN2160\Software\MotorController\wQEDAFRY\STM32F411CEUX_FLASH.ld" --specs=nosys.specs -Wl,-Map="wQEDAFRY.map" -Wl,--gc-sections -static --specs=nano.specs -mfpu=fpv4-sp-d16 -mfloat-abi=hard -mthumb -Wl,--start-group -lc -lm -Wl,--end-group
Finished building target: wQEDAFRY.elf
 
arm-none-eabi-size  wQEDAFRY.elf 
arm-none-eabi-objdump -h -S wQEDAFRY.elf  > "wQEDAFRY.list"
   text	   data	    bss	    dec	    hex	filename
   4832	     12	   1572	   6416	   1910	wQEDAFRY.elf
Finished building: default.size.stdout
 
Finished building: wQEDAFRY.list
 

20:08:46 Build Finished. 0 errors, 0 warnings. (took 706ms)

