../Core/Src/main.c:99:5:main	24	static
../Core/Src/main.c:205:6:SystemClock_Config	88	static
../Core/Src/main.c:259:13:MX_ADC1_Init	24	static
../Core/Src/main.c:311:13:MX_TIM1_Init	56	static
../Core/Src/main.c:361:13:MX_TIM4_Init	48	static
../Core/Src/main.c:410:13:MX_USART2_UART_Init	8	static
../Core/Src/main.c:441:13:MX_DMA_Init	16	static
../Core/Src/main.c:459:13:MX_GPIO_Init	48	static
../Core/Src/main.c:504:20:Get_HADC1_Ptr	4	static
../Core/Src/main.c:515:6:Error_Handler	4	static,ignoring_inline_asm
