../Core/Src/main.c:81:5:main	8	static
../Core/Src/main.c:134:6:SystemClock_Config	88	static
../Core/Src/main.c:188:13:MX_ADC1_Init	24	static
../Core/Src/main.c:240:13:MX_TIM1_Init	56	static
../Core/Src/main.c:290:13:MX_TIM4_Init	48	static
../Core/Src/main.c:339:13:MX_USART2_UART_Init	8	static
../Core/Src/main.c:370:13:MX_DMA_Init	16	static
../Core/Src/main.c:388:13:MX_GPIO_Init	48	static
../Core/Src/main.c:433:20:Get_HADC1_Ptr	4	static
../Core/Src/main.c:444:6:Error_Handler	4	static,ignoring_inline_asm
