../Core/Src/motors.c:30:7:limitPWM	16	static
../Core/Src/motors.c:38:6:setForwardLeftMotorPWM	16	static
../Core/Src/motors.c:57:6:setForwardRightMotorPWM	16	static
../Core/Src/motors.c:76:6:setRearLeftMotorPWM	16	static
../Core/Src/motors.c:99:6:setRearRightMotorPWM	16	static
../Core/Src/motors.c:118:6:resetMotors	4	static
../Core/Src/motors.c:136:6:updateMotors	56	static
../Core/Src/motors.c:204:6:resetIntegralTerms	4	static
../Core/Src/motors.c:212:6:setTargetVelocities	24	static
../Core/Src/motors.c:220:6:stopMotors	8	static
../Core/Src/motors.c:238:10:analogRead	40	static
../Core/Src/motors.c:273:10:getCurrentMilliamps	8	static
../Core/Src/motors.c:283:6:HAL_ADC_ConvCpltCallback	16	static
