../Core/Src/motors.c:31:7:limitPWM	16	static
../Core/Src/motors.c:39:6:setForwardLeftMotorPWM	16	static
../Core/Src/motors.c:58:6:setForwardRightMotorPWM	16	static
../Core/Src/motors.c:77:6:setRearLeftMotorPWM	16	static
../Core/Src/motors.c:100:6:setRearRightMotorPWM	16	static
../Core/Src/motors.c:119:6:resetMotors	4	static
../Core/Src/motors.c:137:6:updateMotors	56	static
../Core/Src/motors.c:206:6:resetIntegralTerms	4	static
../Core/Src/motors.c:214:6:setTargetVelocities	24	static
../Core/Src/motors.c:222:6:stopMotors	8	static
../Core/Src/motors.c:240:10:analogRead	40	static
../Core/Src/motors.c:275:10:getCurrentMilliamps	8	static
../Core/Src/motors.c:285:6:HAL_ADC_ConvCpltCallback	16	static
